

Sat Aug 18 00:43:33 2012
Command line: TestDisk

TestDisk 6.11, Data Recovery Utility, April 2009
Christophe GRENIER <grenier@cgsecurity.org>
http://www.cgsecurity.org
OS: Linux, kernel 3.0.0-12-generic (#20-Ubuntu SMP Fri Oct 7 14:50:42 UTC 2011)
Compiler: GCC 4.5 - Oct 17 2010 20:12:36
ext2fs lib: 1.41.14, ntfs lib: 10:0:0, reiserfs lib: none, ewf lib: none
/dev/sda: LBA, HPA, LBA48, DCO support
/dev/sda: size       488397168 sectors
/dev/sda: user_max   488397168 sectors
/dev/sda: native_max 488397168 sectors
/dev/sda: dco        488397168 sectors
Warning: can't get size for Disk /dev/mapper/control - 0 B - CHS 1 1 1, sector size=512
Hard disk list
Disk /dev/sda - 250 GB / 232 GiB - CHS 30401 255 63, sector size=512 - ATA ST3250820AS
Disk /dev/sdf - 1500 GB / 1397 GiB - CHS 182401 255 63, sector size=512 - WDC WD15 EARS-00Z5B1

Partition table type (auto): Intel
Disk /dev/sdf - 1500 GB / 1397 GiB - WDC WD15 EARS-00Z5B1
Partition table type: Intel

Analyse Disk /dev/sdf - 1500 GB / 1397 GiB - CHS 182401 255 63
Current partition structure:

Partition sector doesn't have the endmark 0xAA55
Ask the user for vista mode
Allow partial last cylinder : No
search_vista_part: 0

search_part()
Disk /dev/sdf - 1500 GB / 1397 GiB - CHS 182401 255 63

Raid magic value at 0/1/1
Raid apparent size: 2599338656 sectors
PawMaw:0 md 1.x Raid 1 - Array Slot : 2 (0, failed)
     Linux RAID               0   1  1 182400 218 19 2930269690 [PawMaw:0]
     md 1.x Raid 1 - Array Slot : 2 (0, failed), 1500 GB / 1397 GiB
get_geometry_from_list_part_aux head=255 nbr=1
get_geometry_from_list_part_aux head=8 nbr=1
get_geometry_from_list_part_aux head=16 nbr=1
get_geometry_from_list_part_aux head=32 nbr=1
get_geometry_from_list_part_aux head=64 nbr=1
get_geometry_from_list_part_aux head=128 nbr=1
get_geometry_from_list_part_aux head=240 nbr=1
get_geometry_from_list_part_aux head=255 nbr=1

Results
   * Linux RAID               0   1  1 182400 254 63 2930272002 [PawMaw:0]
     md 1.x Raid 1 - Array Slot : 2 (0, failed), 1500 GB / 1397 GiB

interface_write()
 1 * Linux RAID               0   1  1 182400 254 63 2930272002 [PawMaw:0]

search_part()
Disk /dev/sdf - 1500 GB / 1397 GiB - CHS 182401 255 63

Raid magic value at 0/1/1
Raid apparent size: 2599338656 sectors
PawMaw:0 md 1.x Raid 1 - Array Slot : 2 (0, failed)
     Linux RAID               0   1  1 182400 218 19 2930269690 [PawMaw:0]
     md 1.x Raid 1 - Array Slot : 2 (0, failed), 1500 GB / 1397 GiB
Search for partition aborted
get_geometry_from_list_part_aux head=255 nbr=1
get_geometry_from_list_part_aux head=8 nbr=1
get_geometry_from_list_part_aux head=16 nbr=1
get_geometry_from_list_part_aux head=32 nbr=1
get_geometry_from_list_part_aux head=64 nbr=1
get_geometry_from_list_part_aux head=128 nbr=1
get_geometry_from_list_part_aux head=240 nbr=1
get_geometry_from_list_part_aux head=255 nbr=1

Results
   * Linux RAID               0   1  1 182400 254 63 2930272002 [PawMaw:0]
     md 1.x Raid 1 - Array Slot : 2 (0, failed), 1500 GB / 1397 GiB

interface_write()
 1 * Linux RAID               0   1  1 182400 254 63 2930272002 [PawMaw:0]
write!

write_mbr_i386: starting...
Store new MBR code
write_all_log_i386: starting...
No extended partition
You will have to reboot for the change to take effect.

Interface Advanced
Geometry from i386 MBR: head=255 sector=63

Raid magic value at 0/1/1
Raid apparent size: 2599338656 sectors
check_MD 1.2
PawMaw:0 md 1.x Raid 1 - Array Slot : 2 (0, failed)
get_geometry_from_list_part_aux head=255 nbr=2
get_geometry_from_list_part_aux head=8 nbr=1
get_geometry_from_list_part_aux head=16 nbr=1
get_geometry_from_list_part_aux head=32 nbr=1
get_geometry_from_list_part_aux head=64 nbr=1
get_geometry_from_list_part_aux head=128 nbr=1
get_geometry_from_list_part_aux head=240 nbr=1
get_geometry_from_list_part_aux head=255 nbr=2
 1 * Linux RAID               0   1  1 182400 254 63 2930272002 [PawMaw:0]
     md 1.x Raid 1 - Array Slot : 2 (0, failed), 1500 GB / 1397 GiB
SIGINT detected! TestDisk has been killed.
